test_parse_ip_list: invalid input 'j\^J' from an IP address list
