test_parse_ip_list: invalid input '\M^N1 \M-v92.168\^Q' from an IP address list
