test_parse_ip_list: invalid input '344.2.2.1' from an IP address list
